   1               		.file	"keymap_poker.c"
   2               	__SP_H__ = 0x3e
   3               	__SP_L__ = 0x3d
   4               	__SREG__ = 0x3f
   5               	__RAMPZ__ = 0x3b
   6               	__tmp_reg__ = 0
   7               	__zero_reg__ = 1
   8               		.text
   9               	.Ltext0:
  10               		.cfi_sections	.debug_frame
  11               	.global	fn_actions
  12               		.section	.progmem.data.fn_actions,"a",@progbits
  15               	fn_actions:
  16               	.global	keymaps
  17               		.section	.progmem.data.keymaps,"a",@progbits
  20               	keymaps:
  21 0000 29        		.byte	41
  22 0001 00        		.byte	0
  23 0002 3A        		.byte	58
  24 0003 3B        		.byte	59
  25 0004 3C        		.byte	60
  26 0005 3D        		.byte	61
  27 0006 3E        		.byte	62
  28 0007 3F        		.byte	63
  29 0008 40        		.byte	64
  30 0009 41        		.byte	65
  31 000a 42        		.byte	66
  32 000b 43        		.byte	67
  33 000c 44        		.byte	68
  34 000d 45        		.byte	69
  35 000e 46        		.byte	70
  36 000f 48        		.byte	72
  37 0010 00        		.byte	0
  38 0011 00        		.byte	0
  39 0012 00        		.byte	0
  40 0013 00        		.byte	0
  41 0014 00        		.byte	0
  42 0015 35        		.byte	53
  43 0016 1E        		.byte	30
  44 0017 1F        		.byte	31
  45 0018 20        		.byte	32
  46 0019 21        		.byte	33
  47 001a 22        		.byte	34
  48 001b 23        		.byte	35
  49 001c 24        		.byte	36
  50 001d 25        		.byte	37
  51 001e 26        		.byte	38
  52 001f 27        		.byte	39
  53 0020 2D        		.byte	45
  54 0021 2E        		.byte	46
  55 0022 2A        		.byte	42
  56 0023 49        		.byte	73
  57 0024 4A        		.byte	74
  58 0025 4B        		.byte	75
  59 0026 53        		.byte	83
  60 0027 54        		.byte	84
  61 0028 55        		.byte	85
  62 0029 56        		.byte	86
  63 002a 2B        		.byte	43
  64 002b 14        		.byte	20
  65 002c 1A        		.byte	26
  66 002d 08        		.byte	8
  67 002e 15        		.byte	21
  68 002f 17        		.byte	23
  69 0030 1C        		.byte	28
  70 0031 18        		.byte	24
  71 0032 0C        		.byte	12
  72 0033 12        		.byte	18
  73 0034 13        		.byte	19
  74 0035 2F        		.byte	47
  75 0036 30        		.byte	48
  76 0037 31        		.byte	49
  77 0038 4C        		.byte	76
  78 0039 4D        		.byte	77
  79 003a 4E        		.byte	78
  80 003b 5F        		.byte	95
  81 003c 60        		.byte	96
  82 003d 61        		.byte	97
  83 003e 57        		.byte	87
  84 003f 39        		.byte	57
  85 0040 04        		.byte	4
  86 0041 16        		.byte	22
  87 0042 07        		.byte	7
  88 0043 09        		.byte	9
  89 0044 0A        		.byte	10
  90 0045 0B        		.byte	11
  91 0046 0D        		.byte	13
  92 0047 0E        		.byte	14
  93 0048 0F        		.byte	15
  94 0049 33        		.byte	51
  95 004a 34        		.byte	52
  96 004b 00        		.byte	0
  97 004c 28        		.byte	40
  98 004d 00        		.byte	0
  99 004e 00        		.byte	0
 100 004f 00        		.byte	0
 101 0050 5C        		.byte	92
 102 0051 5D        		.byte	93
 103 0052 5E        		.byte	94
 104 0053 00        		.byte	0
 105 0054 E1        		.byte	-31
 106 0055 1D        		.byte	29
 107 0056 1B        		.byte	27
 108 0057 06        		.byte	6
 109 0058 19        		.byte	25
 110 0059 05        		.byte	5
 111 005a 11        		.byte	17
 112 005b 10        		.byte	16
 113 005c 36        		.byte	54
 114 005d 37        		.byte	55
 115 005e 38        		.byte	56
 116 005f 00        		.byte	0
 117 0060 00        		.byte	0
 118 0061 E5        		.byte	-27
 119 0062 00        		.byte	0
 120 0063 52        		.byte	82
 121 0064 00        		.byte	0
 122 0065 59        		.byte	89
 123 0066 5A        		.byte	90
 124 0067 5B        		.byte	91
 125 0068 58        		.byte	88
 126 0069 E0        		.byte	-32
 127 006a E3        		.byte	-29
 128 006b E2        		.byte	-30
 129 006c 00        		.byte	0
 130 006d 00        		.byte	0
 131 006e 2C        		.byte	44
 132 006f 00        		.byte	0
 133 0070 00        		.byte	0
 134 0071 00        		.byte	0
 135 0072 E6        		.byte	-26
 136 0073 E7        		.byte	-25
 137 0074 00        		.byte	0
 138 0075 A8        		.byte	-88
 139 0076 E4        		.byte	-28
 140 0077 50        		.byte	80
 141 0078 51        		.byte	81
 142 0079 4F        		.byte	79
 143 007a 62        		.byte	98
 144 007b 00        		.byte	0
 145 007c 63        		.byte	99
 146 007d 00        		.byte	0
 147               		.text
 148               	.Letext0:
 149               		.file 1 "r:\\cygwin64\\home\\sasmi\\avr8-gnu-toolchain\\avr\\include\\stdint.h"
 150               		.file 2 "../../tmk_core/common/keycode.h"
 151               		.file 3 "keymap_poker.c"
DEFINED SYMBOLS
                            *ABS*:00000000 keymap_poker.c
R:\Cygwin64\tmp\cc7cZCGf.s:2      *ABS*:0000003e __SP_H__
R:\Cygwin64\tmp\cc7cZCGf.s:3      *ABS*:0000003d __SP_L__
R:\Cygwin64\tmp\cc7cZCGf.s:4      *ABS*:0000003f __SREG__
R:\Cygwin64\tmp\cc7cZCGf.s:5      *ABS*:0000003b __RAMPZ__
R:\Cygwin64\tmp\cc7cZCGf.s:6      *ABS*:00000000 __tmp_reg__
R:\Cygwin64\tmp\cc7cZCGf.s:7      *ABS*:00000001 __zero_reg__
R:\Cygwin64\tmp\cc7cZCGf.s:15     .progmem.data.fn_actions:00000000 fn_actions
R:\Cygwin64\tmp\cc7cZCGf.s:20     .progmem.data.keymaps:00000000 keymaps

NO UNDEFINED SYMBOLS
